nohup: ignoring input
Cartas com passcode: 698
  lote 1/18 ok
  lote 2/18 ok
  lote 3/18 ok
  lote 4/18 ok
  lote 5/18 ok
  lote 6/18 ok
  lote 7/18 ok
  lote 8/18 ok
  lote 9/18 ok
  lote 10/18 ok
  lote 11/18 ok
  lote 12/18 ok
  lote 13/18 ok
  lote 14/18 ok
  lote 15/18 ok
  lote 16/18 ok
  lote 17/18 ok
  lote 18/18 ok

Atualizadas: 605
Com texto no banco: 605 de 722
Marcadas como Fusão: 44
Marcadas como Ritual: 14
Artes no disco: 605

Sem correspondência (93):
  29 · Mountain Warrior
  88 · Metal Guardian
  123 · Dark Plant
  137 · Mystery Hand
  138 · Dragon Statue
  143 · Necrolancer the Timelord
  150 · Akihiron
  167 · Ancient Jar
  174 · Hurricail
  176 · Fire Eye
  177 · Monsturtle
  188 · Synchar
  190 · Akakieisu
  192 · Key Mace
  195 · Doron
  196 · Arma Knight
  206 · Twin Long Rods #1
  222 · Midnight Fiend
  235 · Wodan the Resident of the Forest
  238 · Yashinoki
  239 · Vishwar Randi
  243 · Water Element
  252 · Nekogal #1
  258 · Beastking of the Swamps
  259 · Ancient Sorcerer
  260 · Lunar Queen Elzaim
  263 · Rock Ogre Grotto #2
  269 · Versago the Destroyer
  277 · Gorgon Egg
  290 · Moon Envoy
  292 · Psychic Kappa
  338 · Mooyan Curry
  351 · Yaranzo
  352 · Kanan the Swordmistress
  353 · Takriminos
  354 · Stuffed Animal
  359 · Three-legged Zombies
  361 · Flying Penguin
  393 · Zone Eater
  400 · Emperor of the Land and Sea
As 24 cartas sem passcode na lista de origem entram aqui — elas ficam sem texto e sem arte até alguém preencher o passcode à mão.
